Archive member included because of file (symbol)

c:/program files (x86)/atmel/atmel toolchain/avr8 gcc/native/3.4.1061/avr8-gnu-toolchain/bin/../lib/gcc/avr/4.8.1/avr5\libgcc.a(_exit.o)
                              c:/program files (x86)/atmel/atmel toolchain/avr8 gcc/native/3.4.1061/avr8-gnu-toolchain/bin/../lib/gcc/avr/4.8.1/../../../../avr/lib/avr5/crtm32u4.o (exit)
c:/program files (x86)/atmel/atmel toolchain/avr8 gcc/native/3.4.1061/avr8-gnu-toolchain/bin/../lib/gcc/avr/4.8.1/avr5\libgcc.a(_copy_data.o)
                              DualMIDI.o (__do_copy_data)
c:/program files (x86)/atmel/atmel toolchain/avr8 gcc/native/3.4.1061/avr8-gnu-toolchain/bin/../lib/gcc/avr/4.8.1/avr5\libgcc.a(_clear_bss.o)
                              DualMIDI.o (__do_clear_bss)
c:/program files (x86)/atmel/atmel toolchain/avr8 gcc/native/3.4.1061/avr8-gnu-toolchain/bin/../lib/gcc/avr/4.8.1/../../../../avr/lib/avr5\libc.a(memcpy_P.o)
                              src/LUFA/LUFA/Drivers/USB/Class/Device/RNDISClassDevice.o (memcpy_P)
c:/program files (x86)/atmel/atmel toolchain/avr8 gcc/native/3.4.1061/avr8-gnu-toolchain/bin/../lib/gcc/avr/4.8.1/../../../../avr/lib/avr5\libc.a(memcmp.o)
                              src/LUFA/LUFA/Drivers/USB/Class/Device/HIDClassDevice.o (memcmp)
c:/program files (x86)/atmel/atmel toolchain/avr8 gcc/native/3.4.1061/avr8-gnu-toolchain/bin/../lib/gcc/avr/4.8.1/../../../../avr/lib/avr5\libc.a(memcpy.o)
                              src/LUFA/LUFA/Drivers/USB/Class/Device/HIDClassDevice.o (memcpy)
c:/program files (x86)/atmel/atmel toolchain/avr8 gcc/native/3.4.1061/avr8-gnu-toolchain/bin/../lib/gcc/avr/4.8.1/../../../../avr/lib/avr5\libc.a(memset.o)
                              src/LUFA/LUFA/Drivers/USB/Class/Device/HIDClassDevice.o (memset)
c:/program files (x86)/atmel/atmel toolchain/avr8 gcc/native/3.4.1061/avr8-gnu-toolchain/bin/../lib/gcc/avr/4.8.1/../../../../avr/lib/avr5\libc.a(eerd_byte_atmega32u4.o)
                              DualMIDI.o (__eerd_byte_m32u4)
c:/program files (x86)/atmel/atmel toolchain/avr8 gcc/native/3.4.1061/avr8-gnu-toolchain/bin/../lib/gcc/avr/4.8.1/../../../../avr/lib/avr5\libc.a(eeupd_byte_atmega32u4.o)
                              src/LUFA/LUFA/Drivers/USB/Core/AVR8/EndpointStream_AVR8.o (__eeupd_byte_m32u4)
c:/program files (x86)/atmel/atmel toolchain/avr8 gcc/native/3.4.1061/avr8-gnu-toolchain/bin/../lib/gcc/avr/4.8.1/../../../../avr/lib/avr5\libc.a(eewr_byte_atmega32u4.o)
                              DualMIDI.o (__eewr_byte_m32u4)

Allocating common symbols
Common symbol       size              file

sysex_mes           0x28              DualMIDI.o
USB_IsInitialized   0x1               src/LUFA/LUFA/Drivers/USB/Core/USBTask.o
sin_pointer         0x10              DualMIDI.o
midi_ch             0x100             Managetone.o
rpn_msb             0x10              DualMIDI.o
USB_DeviceState     0x1               src/LUFA/LUFA/Drivers/USB/Core/USBTask.o
channelVal          0x1               DualMIDI.o
USB_Device_ConfigurationNumber
                    0x1               src/LUFA/LUFA/Drivers/USB/Core/DeviceStandardReq.o
ym825_voice_ch      0x80              Managetone.o
voice_queue         0x10              Managetone.o
sin_pitch           0x10              DualMIDI.o
tone_reg            0x1e0             DualMIDI.o
voice_queue_top     0x1               Managetone.o
USB_Device_CurrentlySelfPowered
                    0x1               src/LUFA/LUFA/Drivers/USB/Core/DeviceStandardReq.o
active_voice_num    0x2               Managetone.o
sin_tbl_offs        0x10              DualMIDI.o
USB_ControlRequest  0x8               src/LUFA/LUFA/Drivers/USB/Core/USBTask.o
channel_noteno      0x10              Managetone.o
rpn_lsb             0x10              DualMIDI.o
USB_Device_RemoteWakeupEnabled
                    0x1               src/LUFA/LUFA/Drivers/USB/Core/DeviceStandardReq.o
voice_queue_tail    0x1               Managetone.o

Discarded input sections

 .data          0x00000000        0x0 c:/program files (x86)/atmel/atmel toolchain/avr8 gcc/native/3.4.1061/avr8-gnu-toolchain/bin/../lib/gcc/avr/4.8.1/../../../../avr/lib/avr5/crtm32u4.o
 .bss           0x00000000        0x0 c:/program files (x86)/atmel/atmel toolchain/avr8 gcc/native/3.4.1061/avr8-gnu-toolchain/bin/../lib/gcc/avr/4.8.1/../../../../avr/lib/avr5/crtm32u4.o
 .data          0x00000000        0x0 CalcExponentiation.o
 .bss           0x00000000        0x0 CalcExponentiation.o
 .group         0x00000000        0x8 Descriptors.o
 .group         0x00000000        0x8 Descriptors.o
 .group         0x00000000        0x8 Descriptors.o
 .group         0x00000000        0x8 Descriptors.o
 .group         0x00000000        0x8 Descriptors.o
 .group         0x00000000        0x8 Descriptors.o
 .group         0x00000000        0x8 Descriptors.o
 .group         0x00000000        0x8 Descriptors.o
 .group         0x00000000        0x8 Descriptors.o
 .group         0x00000000        0x8 Descriptors.o
[...]
Memory Configuration

Name             Origin             Length             Attributes
text             0x00000000         0x00020000         xr
data             0x00800060         0x0000ffa0         rw !x
eeprom           0x00810000         0x00010000         rw !x
fuse             0x00820000         0x00000400         rw !x
lock             0x00830000         0x00000400         rw !x
signature        0x00840000         0x00000400         rw !x
user_signatures  0x00850000         0x00000400         rw !x
*default*        0x00000000         0xffffffff

Linker script and memory map

Address of section .data set to 0x800100
LOAD c:/program files (x86)/atmel/atmel toolchain/avr8 gcc/native/3.4.1061/avr8-gnu-toolchain/bin/../lib/gcc/avr/4.8.1/../../../../avr/lib/avr5/crtm32u4.o
LOAD CalcExponentiation.o
LOAD Descriptors.o
LOAD DualMIDI.o
LOAD IntSend.o
LOAD IntSendAssembler.o
LOAD Managetone.o
LOAD src/LUFA/LUFA/Drivers/USB/Class/Common/HIDParser.o
LOAD src/LUFA/LUFA/Drivers/USB/Class/Device/AudioClassDevice.o
LOAD src/LUFA/LUFA/Drivers/USB/Class/Device/CDCClassDevice.o
LOAD src/LUFA/LUFA/Drivers/USB/Class/Device/HIDClassDevice.o
LOAD src/LUFA/LUFA/Drivers/USB/Class/Device/MassStorageClassDevice.o
LOAD src/LUFA/LUFA/Drivers/USB/Class/Device/MIDIClassDevice.o
LOAD src/LUFA/LUFA/Drivers/USB/Class/Device/PrinterClassDevice.o
LOAD src/LUFA/LUFA/Drivers/USB/Class/Device/RNDISClassDevice.o
LOAD src/LUFA/LUFA/Drivers/USB/Class/Host/AndroidAccessoryClassHost.o
LOAD src/LUFA/LUFA/Drivers/USB/Class/Host/AudioClassHost.o
LOAD src/LUFA/LUFA/Drivers/USB/Class/Host/CDCClassHost.o
LOAD src/LUFA/LUFA/Drivers/USB/Class/Host/HIDClassHost.o
LOAD src/LUFA/LUFA/Drivers/USB/Class/Host/MassStorageClassHost.o
LOAD src/LUFA/LUFA/Drivers/USB/Class/Host/MIDIClassHost.o
LOAD src/LUFA/LUFA/Drivers/USB/Class/Host/PrinterClassHost.o
LOAD src/LUFA/LUFA/Drivers/USB/Class/Host/RNDISClassHost.o
LOAD src/LUFA/LUFA/Drivers/USB/Class/Host/StillImageClassHost.o
LOAD src/LUFA/LUFA/Drivers/USB/Core/AVR8/Device_AVR8.o
LOAD src/LUFA/LUFA/Drivers/USB/Core/AVR8/EndpointStream_AVR8.o
LOAD src/LUFA/LUFA/Drivers/USB/Core/AVR8/Endpoint_AVR8.o
LOAD src/LUFA/LUFA/Drivers/USB/Core/AVR8/Host_AVR8.o
LOAD src/LUFA/LUFA/Drivers/USB/Core/AVR8/PipeStream_AVR8.o
LOAD src/LUFA/LUFA/Drivers/USB/Core/AVR8/Pipe_AVR8.o
LOAD src/LUFA/LUFA/Drivers/USB/Core/AVR8/Template/Template_Endpoint_Control_R.o
LOAD src/LUFA/LUFA/Drivers/USB/Core/AVR8/Template/Template_Endpoint_Control_W.o
LOAD src/LUFA/LUFA/Drivers/USB/Core/AVR8/Template/Template_Endpoint_RW.o
LOAD src/LUFA/LUFA/Drivers/USB/Core/AVR8/Template/Template_Pipe_RW.o
LOAD src/LUFA/LUFA/Drivers/USB/Core/AVR8/USBController_AVR8.o
LOAD src/LUFA/LUFA/Drivers/USB/Core/AVR8/USBInterrupt_AVR8.o
LOAD src/LUFA/LUFA/Drivers/USB/Core/ConfigDescriptors.o
LOAD src/LUFA/LUFA/Drivers/USB/Core/DeviceStandardReq.o
LOAD src/LUFA/LUFA/Drivers/USB/Core/Events.o
LOAD src/LUFA/LUFA/Drivers/USB/Core/HostStandardReq.o
LOAD src/LUFA/LUFA/Drivers/USB/Core/USBTask.o
START GROUP
LOAD c:/program files (x86)/atmel/atmel toolchain/avr8 gcc/native/3.4.1061/avr8-gnu-toolchain/bin/../lib/gcc/avr/4.8.1/../../../../avr/lib/avr5\libm.a
END GROUP
START GROUP
LOAD c:/program files (x86)/atmel/atmel toolchain/avr8 gcc/native/3.4.1061/avr8-gnu-toolchain/bin/../lib/gcc/avr/4.8.1/avr5\libgcc.a
LOAD c:/program files (x86)/atmel/atmel toolchain/avr8 gcc/native/3.4.1061/avr8-gnu-toolchain/bin/../lib/gcc/avr/4.8.1/../../../../avr/lib/avr5\libm.a
LOAD c:/program files (x86)/atmel/atmel toolchain/avr8 gcc/native/3.4.1061/avr8-gnu-toolchain/bin/../lib/gcc/avr/4.8.1/../../../../avr/lib/avr5\libc.a
END GROUP

.hash
 *(.hash)

.dynsym
 *(.dynsym)

.dynstr
 *(.dynstr)

.gnu.version
 *(.gnu.version)

.gnu.version_d
 *(.gnu.version_d)

.gnu.version_r
 *(.gnu.version_r)

.rel.init
 *(.rel.init)

.rela.init
 *(.rela.init)

.rel.text
 *(.rel.text)
 *(.rel.text.*)
 *(.rel.gnu.linkonce.t*)

.rela.text
 *(.rela.text)
 *(.rela.text.*)
 *(.rela.gnu.linkonce.t*)

.rel.fini
 *(.rel.fini)

.rela.fini
 *(.rela.fini)

.rel.rodata
 *(.rel.rodata)
 *(.rel.rodata.*)
 *(.rel.gnu.linkonce.r*)

.rela.rodata
 *(.rela.rodata)
 *(.rela.rodata.*)
 *(.rela.gnu.linkonce.r*)

.rel.data
 *(.rel.data)
 *(.rel.data.*)
 *(.rel.gnu.linkonce.d*)

.rela.data
 *(.rela.data)
 *(.rela.data.*)
 *(.rela.gnu.linkonce.d*)

.rel.ctors
 *(.rel.ctors)

.rela.ctors
 *(.rela.ctors)

.rel.dtors
 *(.rel.dtors)

.rela.dtors
 *(.rela.dtors)

.rel.got
 *(.rel.got)

.rela.got
 *(.rela.got)

.rel.bss
 *(.rel.bss)

.rela.bss
 *(.rela.bss)

.rel.plt
 *(.rel.plt)

.rela.plt
 *(.rela.plt)

.text           0x00000000     0x395e
 *(.vectors)
 .vectors       0x00000000       0xac c:/program files (x86)/atmel/atmel toolchain/avr8 gcc/native/3.4.1061/avr8-gnu-toolchain/bin/../lib/gcc/avr/4.8.1/../../../../avr/lib/avr5/crtm32u4.o
                0x00000000                __vector_default
                0x00000000                __vectors
 *(.vectors)
 *(.progmem.gcc*)
                0x000000ac                . = ALIGN (0x2)
                0x000000ac                __trampolines_start = .
 *(.trampolines)
 .trampolines   0x000000ac        0x0 linker stubs
 *(.trampolines*)
                0x000000ac                __trampolines_end = .
 *(.progmem*)
 .progmem.data.ProductString
                0x000000ac       0x2a Descriptors.o
                0x000000ac                ProductString
 .progmem.data.ManufacturerString
                0x000000d6       0x1a Descriptors.o
                0x000000d6                ManufacturerString
 .progmem.data.LanguageString
                0x000000f0        0x4 Descriptors.o
                0x000000f0                LanguageString
 .progmem.data.ConfigurationDescriptor
                0x000000f4       0x85 Descriptors.o
                0x000000f4                ConfigurationDescriptor
 .progmem.data.DeviceDescriptor
                0x00000179       0x12 Descriptors.o
                0x00000179                DeviceDescriptor
 .progmem.data.divtbl
                0x0000018b      0x400 DualMIDI.o
                0x0000018b                divtbl
 .progmem.data.wave825
                0x0000058b      0xf00 DualMIDI.o
                0x0000058b                wave825
                0x0000148c                . = ALIGN (0x2)
 *fill*         0x0000148b        0x1 
 *(.jumptables)
 *(.jumptables*)
 *(.lowtext)
 *(.lowtext*)
                0x0000148c                __ctors_start = .
 *(.ctors)
                0x0000148c                __ctors_end = .
                0x0000148c                __dtors_start = .
 *(.dtors)
                0x0000148c                __dtors_end = .
 SORT(*)(.ctors)
 SORT(*)(.dtors)
 *(.init0)
 .init0         0x0000148c        0x0 c:/program files (x86)/atmel/atmel toolchain/avr8 gcc/native/3.4.1061/avr8-gnu-toolchain/bin/../lib/gcc/avr/4.8.1/../../../../avr/lib/avr5/crtm32u4.o
                0x0000148c                __init
 *(.init0)
 *(.init1)
 *(.init1)
 *(.init2)
 .init2         0x0000148c        0xc c:/program files (x86)/atmel/atmel toolchain/avr8 gcc/native/3.4.1061/avr8-gnu-toolchain/bin/../lib/gcc/avr/4.8.1/../../../../avr/lib/avr5/crtm32u4.o
 *(.init2)
 *(.init3)
 *(.init3)
 *(.init4)
 .init4         0x00001498       0x16 c:/program files (x86)/atmel/atmel toolchain/avr8 gcc/native/3.4.1061/avr8-gnu-toolchain/bin/../lib/gcc/avr/4.8.1/avr5\libgcc.a(_copy_data.o)
                0x00001498                __do_copy_data
 .init4         0x000014ae       0x10 c:/program files (x86)/atmel/atmel toolchain/avr8 gcc/native/3.4.1061/avr8-gnu-toolchain/bin/../lib/gcc/avr/4.8.1/avr5\libgcc.a(_clear_bss.o)
                0x000014ae                __do_clear_bss
 *(.init4)
 *(.init5)
 *(.init5)
 *(.init6)
 *(.init6)
 *(.init7)
 *(.init7)
 *(.init8)
 *(.init8)
 *(.init9)
 .init9         0x000014be        0x6 c:/program files (x86)/atmel/atmel toolchain/avr8 gcc/native/3.4.1061/avr8-gnu-toolchain/bin/../lib/gcc/avr/4.8.1/../../../../avr/lib/avr5/crtm32u4.o
 *(.init9)
 *(.text)
 .text          0x000014c4        0x4 c:/program files (x86)/atmel/atmel toolchain/avr8 gcc/native/3.4.1061/avr8-gnu-toolchain/bin/../lib/gcc/avr/4.8.1/../../../../avr/lib/avr5/crtm32u4.o
                0x000014c4                __vector_38
                0x000014c4                __vector_22
                0x000014c4                __vector_28
                0x000014c4                __vector_1
                0x000014c4                __vector_32
                0x000014c4                __vector_34
                0x000014c4                __vector_12
                0x000014c4                __bad_interrupt
                0x000014c4                __vector_6
                0x000014c4                __vector_31
                0x000014c4                __vector_35
                0x000014c4                __vector_39
                0x000014c4                __vector_3
                0x000014c4                __vector_23
                0x000014c4                __vector_30
                0x000014c4                __vector_25
                0x000014c4                __vector_11
                0x000014c4                __vector_13
                0x000014c4                __vector_17
                0x000014c4                __vector_19
                0x000014c4                __vector_7
                0x000014c4                __vector_41
                0x000014c4                __vector_27
                0x000014c4                __vector_5
                0x000014c4                __vector_33
                0x000014c4                __vector_37
                0x000014c4                __vector_4
                0x000014c4                __vector_9
                0x000014c4                __vector_2
                0x000014c4                __vector_21
                0x000014c4                __vector_15
                0x000014c4                __vector_36
                0x000014c4                __vector_29
                0x000014c4                __vector_40
                0x000014c4                __vector_8
                0x000014c4                __vector_26
                0x000014c4                __vector_14
                0x000014c4                __vector_16
                0x000014c4                __vector_18
                0x000014c4                __vector_20
                0x000014c4                __vector_42
 .text          0x000014c8      0x404 CalcExponentiation.o
                0x000016d8                calc_exp
 .text          0x000018cc       0xbe IntSendAssembler.o
                0x000018cc                __vector_24
                0x00001942                if_s_write
                0x00001980                flush_spi_buff
                0x0000198a                . = ALIGN (0x2)
 *(.text.*)
 .text.CALLBACK_USB_GetDescriptor
                0x0000198a       0x7a Descriptors.o
                0x0000198a                CALLBACK_USB_GetDescriptor
 .text.keyon    0x00001a04       0x2c DualMIDI.o
                0x00001a04                keyon
 .text.keyoff   0x00001a30        0x8 DualMIDI.o
                0x00001a30                keyoff
 .text.EVENT_USB_Device_Connect
                0x00001a38        0x2 DualMIDI.o
                0x00001a38                EVENT_USB_Device_Connect
 .text.EVENT_USB_Device_Disconnect
                0x00001a3a        0x2 DualMIDI.o
                0x00001a3a                EVENT_USB_Device_Disconnect
 .text.EVENT_USB_Device_ConfigurationChanged
                0x00001a3c       0x14 DualMIDI.o
                0x00001a3c                EVENT_USB_Device_ConfigurationChanged
 .text.EVENT_USB_Device_ControlRequest
                0x00001a50        0x2 DualMIDI.o
                0x00001a50                EVENT_USB_Device_ControlRequest
 .text.EVENT_USB_Device_StartOfFrame
                0x00001a52        0x2 DualMIDI.o
                0x00001a52                EVENT_USB_Device_StartOfFrame
 .text.setChannelDefault
                0x00001a54       0x62 DualMIDI.o
                0x00001a54                setChannelDefault
 .text.reset_ymf825
                0x00001ab6      0x26a DualMIDI.o
                0x00001ab6                reset_ymf825
 .text.usart_spi_init
                0x00001d20        0xc DualMIDI.o
                0x00001d20                usart_spi_init
 .text.SetupHardware
                0x00001d2c       0x72 DualMIDI.o
                0x00001d2c                SetupHardware
 .text.check_midimessage
                0x00001d9e      0x1a8 DualMIDI.o
                0x00001d9e                check_midimessage
 .text.main     0x00001f46      0x6a2 DualMIDI.o
                0x00001f46                main
 .text.send_atmega
                0x000025e8        0xc IntSend.o
                0x000025e8                send_atmega
 .text.write_burst
                0x000025f4       0x50 IntSend.o
                0x000025f4                write_burst
 .text.init_midich
                0x00002644       0xaa Managetone.o
                0x00002644                init_midich
 .text.return_voice
                0x000026ee       0xce Managetone.o
                0x000026ee                return_voice
 .text.hold_on  0x000027bc       0x18 Managetone.o
                0x000027bc                hold_on
 .text.mute     0x000027d4       0x34 Managetone.o
                0x000027d4                mute
 .text.get_voice
                0x00002808       0xfa Managetone.o
                0x00002808                get_voice
 .text.note_on  0x00002902       0xe0 Managetone.o
                0x00002902                note_on
 .text.note_off
                0x000029e2       0x34 Managetone.o
                0x000029e2                note_off
 .text.hold_off
                0x00002a16       0x80 Managetone.o
                0x00002a16                hold_off
 .text.note_off_func
                0x00002a96       0x5a Managetone.o
                0x00002a96                note_off_func
 .text.change_modulation
                0x00002af0       0x4e Managetone.o
                0x00002af0                change_modulation
 .text.change_pitchbend
                0x00002b3e       0x9a Managetone.o
                0x00002b3e                change_pitchbend
 .text.change_part_level
                0x00002bd8       0x4e Managetone.o
                0x00002bd8                change_part_level
 .text.change_expression
                0x00002c26       0x4e Managetone.o
                0x00002c26                change_expression
 .text.pitch_wheel_change
                0x00002c74       0x78 Managetone.o
                0x00002c74                pitch_wheel_change
 .text.MIDI_Device_ConfigureEndpoints
                0x00002cec       0x28 src/LUFA/LUFA/Drivers/USB/Class/Device/MIDIClassDevice.o
                0x00002cec                MIDI_Device_ConfigureEndpoints
 .text.MIDI_Device_SendEventPacket
                0x00002d14       0x42 src/LUFA/LUFA/Drivers/USB/Class/Device/MIDIClassDevice.o
                0x00002d14                MIDI_Device_SendEventPacket
 .text.MIDI_Device_Flush
                0x00002d56       0x38 src/LUFA/LUFA/Drivers/USB/Class/Device/MIDIClassDevice.o
                0x00002d56                MIDI_Device_Flush
 .text.MIDI_Device_USBTask
                0x00002d8e       0x1c src/LUFA/LUFA/Drivers/USB/Class/Device/MIDIClassDevice.o
                0x00002d8e                MIDI_Device_USBTask
 .text.MIDI_Device_ReceiveEventPacket
                0x00002daa       0x56 src/LUFA/LUFA/Drivers/USB/Class/Device/MIDIClassDevice.o
                0x00002daa                MIDI_Device_ReceiveEventPacket
 .text.Endpoint_Write_Stream_LE
                0x00002e00       0xba src/LUFA/LUFA/Drivers/USB/Core/AVR8/EndpointStream_AVR8.o
                0x00002e00                Endpoint_Write_Stream_LE
 .text.Endpoint_Read_Stream_LE
                0x00002eba       0xba src/LUFA/LUFA/Drivers/USB/Core/AVR8/EndpointStream_AVR8.o
                0x00002eba                Endpoint_Read_Stream_LE
 .text.Endpoint_Write_Control_Stream_LE
                0x00002f74      0x10a src/LUFA/LUFA/Drivers/USB/Core/AVR8/EndpointStream_AVR8.o
                0x00002f74                Endpoint_Write_Control_Stream_LE
 .text.Endpoint_Write_Control_PStream_LE
                0x0000307e      0x10a src/LUFA/LUFA/Drivers/USB/Core/AVR8/EndpointStream_AVR8.o
                0x0000307e                Endpoint_Write_Control_PStream_LE
 .text.Endpoint_ConfigureEndpoint_Prv
                0x00003188       0xc8 src/LUFA/LUFA/Drivers/USB/Core/AVR8/Endpoint_AVR8.o
                0x00003188                Endpoint_ConfigureEndpoint_Prv
 .text.Endpoint_ConfigureEndpointTable
                0x00003250       0xba src/LUFA/LUFA/Drivers/USB/Core/AVR8/Endpoint_AVR8.o
                0x00003250                Endpoint_ConfigureEndpointTable
 .text.Endpoint_ClearStatusStage
                0x0000330a       0x48 src/LUFA/LUFA/Drivers/USB/Core/AVR8/Endpoint_AVR8.o
                0x0000330a                Endpoint_ClearStatusStage
 .text.Endpoint_WaitUntilReady
                0x00003352       0x84 src/LUFA/LUFA/Drivers/USB/Core/AVR8/Endpoint_AVR8.o
                0x00003352                Endpoint_WaitUntilReady
 .text.USB_ResetInterface
                0x000033d6       0x80 src/LUFA/LUFA/Drivers/USB/Core/AVR8/USBController_AVR8.o
                0x000033d6                USB_ResetInterface
 .text.USB_Init
                0x00003456       0x22 src/LUFA/LUFA/Drivers/USB/Core/AVR8/USBController_AVR8.o
                0x00003456                USB_Init
 .text.USB_INT_DisableAllInterrupts
                0x00003478       0x10 src/LUFA/LUFA/Drivers/USB/Core/AVR8/USBInterrupt_AVR8.o
                0x00003478                USB_INT_DisableAllInterrupts
 .text.USB_INT_ClearAllInterrupts
                0x00003488        0xa src/LUFA/LUFA/Drivers/USB/Core/AVR8/USBInterrupt_AVR8.o
                0x00003488                USB_INT_ClearAllInterrupts
 .text.__vector_10
                0x00003492      0x186 src/LUFA/LUFA/Drivers/USB/Core/AVR8/USBInterrupt_AVR8.o
                0x00003492                __vector_10
 .text.USB_Device_ProcessControlRequest
                0x00003618      0x2de src/LUFA/LUFA/Drivers/USB/Core/DeviceStandardReq.o
                0x00003618                USB_Device_ProcessControlRequest
 .text.USB_Event_Stub
                0x000038f6        0x2 src/LUFA/LUFA/Drivers/USB/Core/Events.o
                0x000038f6                USB_Event_Stub
                0x000038f6                EVENT_USB_Device_Suspend
                0x000038f6                EVENT_USB_Device_Reset
                0x000038f6                EVENT_USB_Device_WakeUp
 .text.USB_USBTask
                0x000038f8       0x36 src/LUFA/LUFA/Drivers/USB/Core/USBTask.o
                0x000038f8                USB_USBTask
 .text.avr-libc
                0x0000392e       0x10 c:/program files (x86)/atmel/atmel toolchain/avr8 gcc/native/3.4.1061/avr8-gnu-toolchain/bin/../lib/gcc/avr/4.8.1/../../../../avr/lib/avr5\libc.a(eerd_byte_atmega32u4.o)
                0x0000392e                __eerd_byte_m32u4
 .text.avr-libc
                0x0000393e       0x1c c:/program files (x86)/atmel/atmel toolchain/avr8 gcc/native/3.4.1061/avr8-gnu-toolchain/bin/../lib/gcc/avr/4.8.1/../../../../avr/lib/avr5\libc.a(eewr_byte_atmega32u4.o)
                0x0000393e                __eewr_byte_m32u4
                0x00003940                __eewr_r18_m32u4
                0x0000395a                . = ALIGN (0x2)
 *(.fini9)
 .fini9         0x0000395a        0x0 c:/program files (x86)/atmel/atmel toolchain/avr8 gcc/native/3.4.1061/avr8-gnu-toolchain/bin/../lib/gcc/avr/4.8.1/avr5\libgcc.a(_exit.o)
                0x0000395a                _exit
                0x0000395a                exit
 *(.fini9)
 *(.fini8)
 *(.fini8)
 *(.fini7)
 *(.fini7)
 *(.fini6)
 *(.fini6)
 *(.fini5)
 *(.fini5)
 *(.fini4)
 *(.fini4)
 *(.fini3)
 *(.fini3)
 *(.fini2)
 *(.fini2)
 *(.fini1)
 *(.fini1)
 *(.fini0)
 .fini0         0x0000395a        0x4 c:/program files (x86)/atmel/atmel toolchain/avr8 gcc/native/3.4.1061/avr8-gnu-toolchain/bin/../lib/gcc/avr/4.8.1/avr5\libgcc.a(_exit.o)
 *(.fini0)
                0x0000395e                _etext = .

.data           0x00800100       0xac load address 0x0000395e
                0x00800100                PROVIDE (__data_start, .)
 *(.data)
 .data          0x00800100        0x3 IntSendAssembler.o
                0x00800102                send_buf_byte
 *(.data*)
 .data.Keyboard_MIDI_Interface
                0x00800103        0xc DualMIDI.o
                0x00800103                Keyboard_MIDI_Interface
 .data.play_mode
                0x0080010f        0x1 DualMIDI.o
                0x0080010f                play_mode
 .data.MAX_3MUL
                0x00800110        0x1 DualMIDI.o
                0x00800110                MAX_3MUL
 .data.p_freq   0x00800111       0x1a Managetone.o
                0x00800111                p_freq
 .data.div12mod
                0x0080012b       0x80 Managetone.o
                0x0080012b                div12mod
 *(.rodata)
 *(.rodata*)
 *(.gnu.linkonce.d*)
                0x008001ac                . = ALIGN (0x2)
 *fill*         0x008001ab        0x1 
                0x008001ac                _edata = .
                0x008001ac                PROVIDE (__data_end, .)

.bss            0x008001ac      0x564
                0x008001ac                PROVIDE (__bss_start, .)
 *(.bss)
 *fill*         0x008001ac       0x54 
 .bss           0x00800200      0x100 IntSendAssembler.o
                0x00800200                spi_sendData
 *(.bss*)
 .bss.send_cnt  0x00800300        0x1 DualMIDI.o
                0x00800300                send_cnt
 .bss.sysx_mes_pos
                0x00800301        0x2 DualMIDI.o
                0x00800301                sysx_mes_pos
 .bss.bank      0x00800303        0x1 DualMIDI.o
                0x00800303                bank
 .bss.eeprom_p_midi
                0x00800304        0x2 DualMIDI.o
                0x00800304                eeprom_p_midi
 *(COMMON)
 COMMON         0x00800306      0x259 DualMIDI.o
                0x00800306                sysex_mes
                0x0080032e                sin_pointer
                0x0080033e                rpn_msb
                0x0080034e                channelVal
                0x0080034f                sin_pitch
                0x0080035f                tone_reg
                0x0080053f                sin_tbl_offs
                0x0080054f                rpn_lsb
 COMMON         0x0080055f      0x1a4 Managetone.o
                0x0080055f                midi_ch
                0x0080065f                ym825_voice_ch
                0x008006df                voice_queue
                0x008006ef                voice_queue_top
                0x008006f0                active_voice_num
                0x008006f2                channel_noteno
                0x00800702                voice_queue_tail
 COMMON         0x00800703        0x3 src/LUFA/LUFA/Drivers/USB/Core/DeviceStandardReq.o
                0x00800703                USB_Device_ConfigurationNumber
                0x00800704                USB_Device_CurrentlySelfPowered
                0x00800705                USB_Device_RemoteWakeupEnabled
 COMMON         0x00800706        0xa src/LUFA/LUFA/Drivers/USB/Core/USBTask.o
                0x00800706                USB_IsInitialized
                0x00800707                USB_DeviceState
                0x00800708                USB_ControlRequest
                0x00800710                PROVIDE (__bss_end, .)
                0x0000395e                __data_load_start = LOADADDR (.data)
                0x00003a0a                __data_load_end = (__data_load_start + SIZEOF (.data))

.noinit         0x00800710        0x0
                0x00800710                PROVIDE (__noinit_start, .)
 *(.noinit*)
                0x00800710                PROVIDE (__noinit_end, .)
                0x00800710                _end = .
                0x00800710                PROVIDE (__heap_start, .)

.eeprom         0x00810000        0x0
 *(.eeprom*)
                0x00810000                __eeprom_end = .

.fuse
 *(.fuse)
 *(.lfuse)
 *(.hfuse)
 *(.efuse)

.lock
 *(.lock*)

.signature
 *(.signature*)

.user_signatures
 *(.user_signatures*)

.stab
 *(.stab)

.stabstr
 *(.stabstr)

.stab.excl
 *(.stab.excl)

.stab.exclstr
 *(.stab.exclstr)

.stab.index
 *(.stab.index)

.stab.indexstr
 *(.stab.indexstr)

.comment        0x00000000       0x30
 *(.comment)
 .comment       0x00000000       0x30 Descriptors.o
                                 0x31 (size before relaxing)
 .comment       0x00000000       0x31 DualMIDI.o
 .comment       0x00000000       0x31 IntSend.o
 .comment       0x00000000       0x31 Managetone.o
 .comment       0x00000000       0x31 src/LUFA/LUFA/Drivers/USB/Class/Device/MIDIClassDevice.o
 .comment       0x00000000       0x31 src/LUFA/LUFA/Drivers/USB/Core/AVR8/EndpointStream_AVR8.o
 .comment       0x00000000       0x31 src/LUFA/LUFA/Drivers/USB/Core/AVR8/Endpoint_AVR8.o
 .comment       0x00000000       0x31 src/LUFA/LUFA/Drivers/USB/Core/AVR8/USBController_AVR8.o
 .comment       0x00000000       0x31 src/LUFA/LUFA/Drivers/USB/Core/AVR8/USBInterrupt_AVR8.o
 .comment       0x00000000       0x31 src/LUFA/LUFA/Drivers/USB/Core/DeviceStandardReq.o
 .comment       0x00000000       0x31 src/LUFA/LUFA/Drivers/USB/Core/Events.o
 .comment       0x00000000       0x31 src/LUFA/LUFA/Drivers/USB/Core/USBTask.o

.note.gnu.build-id
 *(.note.gnu.build-id)

.debug
 *(.debug)

.line
 *(.line)

.debug_srcinfo
 *(.debug_srcinfo)

.debug_sfnames
 *(.debug_sfnames)

.debug_aranges  0x00000000      0x3b0
 *(.debug_aranges)
 .debug_aranges
                0x00000000       0x20 CalcExponentiation.o
 .debug_aranges
                0x00000020       0x20 Descriptors.o
 .debug_aranges
                0x00000040       0x98 DualMIDI.o
 .debug_aranges
                0x000000d8       0x28 IntSend.o
 .debug_aranges
                0x00000100       0x20 IntSendAssembler.o
 .debug_aranges
                0x00000120       0x88 Managetone.o
 .debug_aranges
                0x000001a8       0x40 src/LUFA/LUFA/Drivers/USB/Class/Device/MIDIClassDevice.o
 .debug_aranges
                0x000001e8       0xc8 src/LUFA/LUFA/Drivers/USB/Core/AVR8/EndpointStream_AVR8.o
 .debug_aranges
                0x000002b0       0x40 src/LUFA/LUFA/Drivers/USB/Core/AVR8/Endpoint_AVR8.o
 .debug_aranges
                0x000002f0       0x30 src/LUFA/LUFA/Drivers/USB/Core/AVR8/USBController_AVR8.o
 .debug_aranges
                0x00000320       0x30 src/LUFA/LUFA/Drivers/USB/Core/AVR8/USBInterrupt_AVR8.o
 .debug_aranges
                0x00000350       0x20 src/LUFA/LUFA/Drivers/USB/Core/DeviceStandardReq.o
 .debug_aranges
                0x00000370       0x20 src/LUFA/LUFA/Drivers/USB/Core/Events.o
 .debug_aranges
                0x00000390       0x20 src/LUFA/LUFA/Drivers/USB/Core/USBTask.o

.debug_pubnames
 *(.debug_pubnames)

.debug_info     0x00000000     0x73df
 *(.debug_info .gnu.linkonce.wi.*)
 .debug_info    0x00000000       0x96 CalcExponentiation.o
 .debug_info    0x00000096      0x9dc Descriptors.o
 .debug_info    0x00000a72     0x1d78 DualMIDI.o
 .debug_info    0x000027ea      0x1fa IntSend.o
 .debug_info    0x000029e4       0x94 IntSendAssembler.o
 .debug_info    0x00002a78      0xc5c Managetone.o
 .debug_info    0x000036d4      0x639 src/LUFA/LUFA/Drivers/USB/Class/Device/MIDIClassDevice.o
 .debug_info    0x00003d0d     0x1804 src/LUFA/LUFA/Drivers/USB/Core/AVR8/EndpointStream_AVR8.o
 .debug_info    0x00005511      0x612 src/LUFA/LUFA/Drivers/USB/Core/AVR8/Endpoint_AVR8.o
 .debug_info    0x00005b23      0x4ce src/LUFA/LUFA/Drivers/USB/Core/AVR8/USBController_AVR8.o
 .debug_info    0x00005ff1      0x677 src/LUFA/LUFA/Drivers/USB/Core/AVR8/USBInterrupt_AVR8.o
 .debug_info    0x00006668      0xa8c src/LUFA/LUFA/Drivers/USB/Core/DeviceStandardReq.o
 .debug_info    0x000070f4       0x7c src/LUFA/LUFA/Drivers/USB/Core/Events.o
 .debug_info    0x00007170      0x26f src/LUFA/LUFA/Drivers/USB/Core/USBTask.o

.debug_abbrev   0x00000000     0x1772
 *(.debug_abbrev)
 .debug_abbrev  0x00000000       0x14 CalcExponentiation.o
 .debug_abbrev  0x00000014      0x17a Descriptors.o
 .debug_abbrev  0x0000018e      0x411 DualMIDI.o
 .debug_abbrev  0x0000059f      0x121 IntSend.o
 .debug_abbrev  0x000006c0       0x14 IntSendAssembler.o
 .debug_abbrev  0x000006d4      0x24b Managetone.o
 .debug_abbrev  0x0000091f      0x235 src/LUFA/LUFA/Drivers/USB/Class/Device/MIDIClassDevice.o
 .debug_abbrev  0x00000b54      0x218 src/LUFA/LUFA/Drivers/USB/Core/AVR8/EndpointStream_AVR8.o
 .debug_abbrev  0x00000d6c      0x223 src/LUFA/LUFA/Drivers/USB/Core/AVR8/Endpoint_AVR8.o
 .debug_abbrev  0x00000f8f      0x18b src/LUFA/LUFA/Drivers/USB/Core/AVR8/USBController_AVR8.o
 .debug_abbrev  0x0000111a      0x1d8 src/LUFA/LUFA/Drivers/USB/Core/AVR8/USBInterrupt_AVR8.o
 .debug_abbrev  0x000012f2      0x2ce src/LUFA/LUFA/Drivers/USB/Core/DeviceStandardReq.o
 .debug_abbrev  0x000015c0       0x47 src/LUFA/LUFA/Drivers/USB/Core/Events.o
 .debug_abbrev  0x00001607      0x16b src/LUFA/LUFA/Drivers/USB/Core/USBTask.o

.debug_line     0x00000000     0xa0a3
 *(.debug_line .debug_line.* .debug_line_end)
 .debug_line    0x00000000      0x61e CalcExponentiation.o
 .debug_line    0x0000061e      0xcc4 Descriptors.o
 .debug_line    0x000012e2     0x189b DualMIDI.o
 .debug_line    0x00002b7d      0x347 IntSend.o
 .debug_line    0x00002ec4      0x22b IntSendAssembler.o
 .debug_line    0x000030ef      0x7ac Managetone.o
 .debug_line    0x0000389b      0xfdb src/LUFA/LUFA/Drivers/USB/Class/Device/MIDIClassDevice.o
 .debug_line    0x00004876     0x20de src/LUFA/LUFA/Drivers/USB/Core/AVR8/EndpointStream_AVR8.o
 .debug_line    0x00006954      0xcb0 src/LUFA/LUFA/Drivers/USB/Core/AVR8/Endpoint_AVR8.o
 .debug_line    0x00007604      0x8ca src/LUFA/LUFA/Drivers/USB/Core/AVR8/USBController_AVR8.o
 .debug_line    0x00007ece      0xaf4 src/LUFA/LUFA/Drivers/USB/Core/AVR8/USBInterrupt_AVR8.o
 .debug_line    0x000089c2      0xa7d src/LUFA/LUFA/Drivers/USB/Core/DeviceStandardReq.o
 .debug_line    0x0000943f      0x472 src/LUFA/LUFA/Drivers/USB/Core/Events.o
 .debug_line    0x000098b1      0x7f2 src/LUFA/LUFA/Drivers/USB/Core/USBTask.o

.debug_frame    0x00000000      0xcec
 *(.debug_frame)
 .debug_frame   0x00000000       0x24 Descriptors.o
 .debug_frame   0x00000024      0x1a4 DualMIDI.o
 .debug_frame   0x000001c8       0x40 IntSend.o
 .debug_frame   0x00000208      0x1f8 Managetone.o
 .debug_frame   0x00000400       0x70 src/LUFA/LUFA/Drivers/USB/Class/Device/MIDIClassDevice.o
 .debug_frame   0x00000470      0x61c src/LUFA/LUFA/Drivers/USB/Core/AVR8/EndpointStream_AVR8.o
 .debug_frame   0x00000a8c       0xec src/LUFA/LUFA/Drivers/USB/Core/AVR8/Endpoint_AVR8.o
 .debug_frame   0x00000b78       0x58 src/LUFA/LUFA/Drivers/USB/Core/AVR8/USBController_AVR8.o
 .debug_frame   0x00000bd0       0x8c src/LUFA/LUFA/Drivers/USB/Core/AVR8/USBInterrupt_AVR8.o
 .debug_frame   0x00000c5c       0x40 src/LUFA/LUFA/Drivers/USB/Core/DeviceStandardReq.o
 .debug_frame   0x00000c9c       0x24 src/LUFA/LUFA/Drivers/USB/Core/Events.o
 .debug_frame   0x00000cc0       0x2c src/LUFA/LUFA/Drivers/USB/Core/USBTask.o

.debug_str      0x00000000    0x182d2
 *(.debug_str)
 .debug_str     0x00000000    0x1575b Descriptors.o
                              0x15a3e (size before relaxing)
 .debug_str     0x0001575b     0x136e DualMIDI.o
                              0x16212 (size before relaxing)
 .debug_str     0x00016ac9       0x20 IntSend.o
                               0x86bf (size before relaxing)
 .debug_str     0x00016ae9      0x100 Managetone.o
                               0x8049 (size before relaxing)
 .debug_str     0x00016be9      0x375 src/LUFA/LUFA/Drivers/USB/Class/Device/MIDIClassDevice.o
                              0x15290 (size before relaxing)
 .debug_str     0x00016f5e      0x923 src/LUFA/LUFA/Drivers/USB/Core/AVR8/EndpointStream_AVR8.o
                               0xf9e3 (size before relaxing)
 .debug_str     0x00017881      0x1e0 src/LUFA/LUFA/Drivers/USB/Core/AVR8/Endpoint_AVR8.o
                               0xf085 (size before relaxing)
 .debug_str     0x00017a61      0x222 src/LUFA/LUFA/Drivers/USB/Core/AVR8/USBController_AVR8.o
                               0xefe5 (size before relaxing)
 .debug_str     0x00017c83      0x11a src/LUFA/LUFA/Drivers/USB/Core/AVR8/USBInterrupt_AVR8.o
                               0xef99 (size before relaxing)
 .debug_str     0x00017d9d      0x464 src/LUFA/LUFA/Drivers/USB/Core/DeviceStandardReq.o
                               0xf456 (size before relaxing)
 .debug_str     0x00018201       0x53 src/LUFA/LUFA/Drivers/USB/Core/Events.o
                               0xe227 (size before relaxing)
 .debug_str     0x00018254       0x7e src/LUFA/LUFA/Drivers/USB/Core/USBTask.o
                               0xee04 (size before relaxing)

.debug_loc      0x00000000     0x5553
 *(.debug_loc)
 .debug_loc     0x00000000      0x226 Descriptors.o
 .debug_loc     0x00000226      0xe09 DualMIDI.o
 .debug_loc     0x0000102f       0x8b IntSend.o
 .debug_loc     0x000010ba      0xc4a Managetone.o
 .debug_loc     0x00001d04      0x305 src/LUFA/LUFA/Drivers/USB/Class/Device/MIDIClassDevice.o
 .debug_loc     0x00002009     0x2958 src/LUFA/LUFA/Drivers/USB/Core/AVR8/EndpointStream_AVR8.o
 .debug_loc     0x00004961      0x62c src/LUFA/LUFA/Drivers/USB/Core/AVR8/Endpoint_AVR8.o
 .debug_loc     0x00004f8d       0x49 src/LUFA/LUFA/Drivers/USB/Core/AVR8/USBController_AVR8.o
 .debug_loc     0x00004fd6      0x247 src/LUFA/LUFA/Drivers/USB/Core/AVR8/USBInterrupt_AVR8.o
 .debug_loc     0x0000521d      0x2ed src/LUFA/LUFA/Drivers/USB/Core/DeviceStandardReq.o
 .debug_loc     0x0000550a       0x49 src/LUFA/LUFA/Drivers/USB/Core/USBTask.o

.debug_macinfo
 *(.debug_macinfo)

.debug_weaknames
 *(.debug_weaknames)

.debug_funcnames
 *(.debug_funcnames)

.debug_typenames
 *(.debug_typenames)

.debug_varnames
 *(.debug_varnames)

.debug_pubtypes
 *(.debug_pubtypes)

.debug_ranges   0x00000000      0xe28
 *(.debug_ranges)
 .debug_ranges  0x00000000       0x10 Descriptors.o
 .debug_ranges  0x00000010       0x88 DualMIDI.o
 .debug_ranges  0x00000098       0x18 IntSend.o
 .debug_ranges  0x000000b0       0x90 Managetone.o
 .debug_ranges  0x00000140       0x30 src/LUFA/LUFA/Drivers/USB/Class/Device/MIDIClassDevice.o
 .debug_ranges  0x00000170      0xa38 src/LUFA/LUFA/Drivers/USB/Core/AVR8/EndpointStream_AVR8.o
 .debug_ranges  0x00000ba8      0x1c8 src/LUFA/LUFA/Drivers/USB/Core/AVR8/Endpoint_AVR8.o
 .debug_ranges  0x00000d70       0x20 src/LUFA/LUFA/Drivers/USB/Core/AVR8/USBController_AVR8.o
 .debug_ranges  0x00000d90       0x20 src/LUFA/LUFA/Drivers/USB/Core/AVR8/USBInterrupt_AVR8.o
 .debug_ranges  0x00000db0       0x58 src/LUFA/LUFA/Drivers/USB/Core/DeviceStandardReq.o
 .debug_ranges  0x00000e08       0x10 src/LUFA/LUFA/Drivers/USB/Core/Events.o
 .debug_ranges  0x00000e18       0x10 src/LUFA/LUFA/Drivers/USB/Core/USBTask.o

.debug_macro    0x00000000     0x7cfd
 *(.debug_macro)
 .debug_macro   0x00000000      0x437 Descriptors.o
 .debug_macro   0x00000437      0xa48 Descriptors.o
 .debug_macro   0x00000e7f       0x12 Descriptors.o
 .debug_macro   0x00000e91       0x10 Descriptors.o
 .debug_macro   0x00000ea1      0x1ad Descriptors.o
 .debug_macro   0x0000104e       0x22 Descriptors.o
 .debug_macro   0x00001070       0x16 Descriptors.o
 .debug_macro   0x00001086       0x97 Descriptors.o
 .debug_macro   0x0000111d       0x16 Descriptors.o
 .debug_macro   0x00001133       0xef Descriptors.o
 .debug_macro   0x00001222       0x22 Descriptors.o
 .debug_macro   0x00001244      0x1a0 Descriptors.o
 .debug_macro   0x000013e4       0x36 Descriptors.o
 .debug_macro   0x0000141a       0x1c Descriptors.o
 .debug_macro   0x00001436       0x68 Descriptors.o
 .debug_macro   0x0000149e       0x28 Descriptors.o
 .debug_macro   0x000014c6       0x10 Descriptors.o
 .debug_macro   0x000014d6      0x299 Descriptors.o
 .debug_macro   0x0000176f       0x9e Descriptors.o
 .debug_macro   0x0000180d     0x20f4 Descriptors.o
 .debug_macro   0x00003901      0x14f Descriptors.o
 .debug_macro   0x00003a50       0xd9 Descriptors.o
 .debug_macro   0x00003b29       0x34 Descriptors.o
 .debug_macro   0x00003b5d       0x18 Descriptors.o
 .debug_macro   0x00003b75       0x6c Descriptors.o
 .debug_macro   0x00003be1       0x69 Descriptors.o
 .debug_macro   0x00003c4a       0x10 Descriptors.o
 .debug_macro   0x00003c5a       0x35 Descriptors.o
 .debug_macro   0x00003c8f      0x175 Descriptors.o
 .debug_macro   0x00003e04       0x87 Descriptors.o
 .debug_macro   0x00003e8b       0x35 Descriptors.o
 .debug_macro   0x00003ec0      0x10c Descriptors.o
 .debug_macro   0x00003fcc      0x160 Descriptors.o
 .debug_macro   0x0000412c      0x167 Descriptors.o
 .debug_macro   0x00004293       0x10 Descriptors.o
 .debug_macro   0x000042a3       0x1c Descriptors.o
 .debug_macro   0x000042bf       0x86 Descriptors.o
 .debug_macro   0x00004345       0x3c Descriptors.o
 .debug_macro   0x00004381       0x19 Descriptors.o
 .debug_macro   0x0000439a       0x4d Descriptors.o
 .debug_macro   0x000043e7       0x73 Descriptors.o
 .debug_macro   0x0000445a       0x16 Descriptors.o
 .debug_macro   0x00004470       0x12 Descriptors.o
 .debug_macro   0x00004482       0x22 Descriptors.o
 .debug_macro   0x000044a4       0x64 Descriptors.o
 .debug_macro   0x00004508       0x41 Descriptors.o
 .debug_macro   0x00004549       0x10 Descriptors.o
 .debug_macro   0x00004559       0x1c Descriptors.o
 .debug_macro   0x00004575       0x16 Descriptors.o
 .debug_macro   0x0000458b       0x16 Descriptors.o
 .debug_macro   0x000045a1      0x12c Descriptors.o
 .debug_macro   0x000046cd       0x16 Descriptors.o
 .debug_macro   0x000046e3       0x46 Descriptors.o
 .debug_macro   0x00004729       0x58 Descriptors.o
 .debug_macro   0x00004781       0x10 Descriptors.o
 .debug_macro   0x00004791       0xeb Descriptors.o
 .debug_macro   0x0000487c       0x16 Descriptors.o
 .debug_macro   0x00004892      0x154 Descriptors.o
 .debug_macro   0x000049e6       0x2a Descriptors.o
 .debug_macro   0x00004a10      0x6ce Descriptors.o
 .debug_macro   0x000050de       0x16 Descriptors.o
 .debug_macro   0x000050f4      0x132 Descriptors.o
 .debug_macro   0x00005226       0x16 Descriptors.o
 .debug_macro   0x0000523c       0x10 Descriptors.o
 .debug_macro   0x0000524c       0x6c Descriptors.o
 .debug_macro   0x000052b8       0x16 Descriptors.o
 .debug_macro   0x000052ce       0x1c Descriptors.o
 .debug_macro   0x000052ea       0x16 Descriptors.o
 .debug_macro   0x00005300       0x10 Descriptors.o
 .debug_macro   0x00005310      0x1be Descriptors.o
 .debug_macro   0x000054ce       0x16 Descriptors.o
 .debug_macro   0x000054e4       0x16 Descriptors.o
 .debug_macro   0x000054fa      0x4be DualMIDI.o
 .debug_macro   0x000059b8      0x293 DualMIDI.o
 .debug_macro   0x00005c4b       0x89 DualMIDI.o
 .debug_macro   0x00005cd4       0xaa DualMIDI.o
 .debug_macro   0x00005d7e      0x181 DualMIDI.o
 .debug_macro   0x00005eff       0x76 DualMIDI.o
 .debug_macro   0x00005f75       0xab DualMIDI.o
 .debug_macro   0x00006020       0x2f DualMIDI.o
 .debug_macro   0x0000604f       0x1c DualMIDI.o
 .debug_macro   0x0000606b       0x58 DualMIDI.o
 .debug_macro   0x000060c3       0x16 DualMIDI.o
 .debug_macro   0x000060d9       0xb5 IntSend.o
 .debug_macro   0x0000618e      0x16d IntSend.o
 .debug_macro   0x000062fb       0xa8 Managetone.o
 .debug_macro   0x000063a3      0x446 src/LUFA/LUFA/Drivers/USB/Class/Device/MIDIClassDevice.o
 .debug_macro   0x000067e9      0x60e src/LUFA/LUFA/Drivers/USB/Core/AVR8/EndpointStream_AVR8.o
 .debug_macro   0x00006df7       0x28 src/LUFA/LUFA/Drivers/USB/Core/AVR8/EndpointStream_AVR8.o
 .debug_macro   0x00006e1f       0x1c src/LUFA/LUFA/Drivers/USB/Core/AVR8/EndpointStream_AVR8.o
 .debug_macro   0x00006e3b       0x1c src/LUFA/LUFA/Drivers/USB/Core/AVR8/EndpointStream_AVR8.o
 .debug_macro   0x00006e57      0x2a5 src/LUFA/LUFA/Drivers/USB/Core/AVR8/Endpoint_AVR8.o
 .debug_macro   0x000070fc       0x10 src/LUFA/LUFA/Drivers/USB/Core/AVR8/Endpoint_AVR8.o
 .debug_macro   0x0000710c      0x277 src/LUFA/LUFA/Drivers/USB/Core/AVR8/USBController_AVR8.o
 .debug_macro   0x00007383       0x79 src/LUFA/LUFA/Drivers/USB/Core/AVR8/USBController_AVR8.o
 .debug_macro   0x000073fc      0x27f src/LUFA/LUFA/Drivers/USB/Core/AVR8/USBInterrupt_AVR8.o
 .debug_macro   0x0000767b      0x27d src/LUFA/LUFA/Drivers/USB/Core/DeviceStandardReq.o
 .debug_macro   0x000078f8      0x182 src/LUFA/LUFA/Drivers/USB/Core/Events.o
 .debug_macro   0x00007a7a      0x283 src/LUFA/LUFA/Drivers/USB/Core/USBTask.o
OUTPUT(YMF825MIDI_CONTROL.elf elf32-avr)
LOAD linker stubs
